00:00 +0: loading test/e2e/e2e_github_issues_test.dart
00:00 +0: E2E Tests - GitHub Issues & README Features (setUpAll)
ExifTool found in PATH: exiftool.exe
Generated realistic dataset at: C:\Users\jensa\SDKs\flutter\GitHub\GooglePhotosTakeoutHelper\test\generated\fixture_1751119198849009_mcgb5pc1_849009\realistic_dataset
Created 75 photos across 5 years
Created 8 albums: Vacation 2023 ­ƒÅû´©Å, Family Photos ­ƒæ¿ÔÇì­ƒæ®ÔÇì­ƒæºÔÇì­ƒæª, Holiday Memories ­ƒÄä, Wedding Photos ­ƒÆÆ, Travel Adventures Ô£ê´©Å, Pet Photos ­ƒÉò­ƒÉ▒, Cooking & Food ­ƒìò, Nature & Landscapes ­ƒîä
Created 5 album-only photos
80% of photos have EXIF data
Total files created: 186
00:00 +0: E2E Tests - GitHub Issues & README Features Cross-Platform Compatibility creates platform-appropriate symlinks

--- Step 1/8: Fix Extensions ---

[Step 1/8] Fixing file extensions... (This might take a while)
Ô£à Fix Extensions completed in 0s
   Fixed 0 file extensions

--- Step 2/8: Discover Media ---

[Step 2/8] Discovering media files...
Ô£à Discover Media completed in 0s
   Discovered 267 media files (75 from year folders, 192 from albums)

--- Step 3/8: Remove Duplicates ---

[Step 3/8] Finding and removing duplicates... (This might take a while)
Ô£à Remove Duplicates completed in 0s
   Removed 2 duplicate files
265 media files remain.

--- Step 4/8: Extract Dates ---

[Step 4/8] Extracting metadata (this may take a while)...

Processing media files : .................................................. 0/265  
Processing media files : .................................................. 1/265  
Processing media files : .................................................. 2/265  
Processing media files : .................................................. 3/265  
Processing media files : .................................................. 4/265  
Processing media files : .................................................. 5/265  
Processing media files : Ôûê................................................. 6/265  
Processing media files : Ôûê................................................. 7/265  
Processing media files : Ôûê................................................. 8/265  
Processing media files : Ôûê................................................. 9/265  
Processing media files : Ôûê................................................. 10/265  
Processing media files : ÔûêÔûê................................................ 11/265  
Processing media files : ÔûêÔûê................................................ 12/265  
Processing media files : ÔûêÔûê................................................ 13/265  
Processing media files : ÔûêÔûê................................................ 14/265  
Processing media files : ÔûêÔûê................................................ 15/265  
Processing media files : ÔûêÔûêÔûê............................................... 16/265  
Processing media files : ÔûêÔûêÔûê............................................... 17/265  
Processing media files : ÔûêÔûêÔûê............................................... 18/265  
Processing media files : ÔûêÔûêÔûê............................................... 19/265  
Processing media files : ÔûêÔûêÔûê............................................... 20/265  
Processing media files : ÔûêÔûêÔûê............................................... 21/265  
Processing media files : ÔûêÔûêÔûêÔûê.............................................. 22/265  
Processing media files : ÔûêÔûêÔûêÔûê.............................................. 23/265  
Processing media files : ÔûêÔûêÔûêÔûê.............................................. 24/265  
Processing media files : ÔûêÔûêÔûêÔûê.............................................. 25/265  
Processing media files : ÔûêÔûêÔûêÔûê.............................................. 26/265  
Processing media files : ÔûêÔûêÔûêÔûêÔûê............................................. 27/265  
Processing media files : ÔûêÔûêÔûêÔûêÔûê............................................. 28/265  
Processing media files : ÔûêÔûêÔûêÔûêÔûê............................................. 29/265  
Processing media files : ÔûêÔûêÔûêÔûêÔûê............................................. 30/265  
Processing media files : ÔûêÔûêÔûêÔûêÔûê............................................. 31/265  
Processing media files : ÔûêÔûêÔûêÔûêÔûêÔûê............................................ 32/265  
Processing media files : ÔûêÔûêÔûêÔûêÔûêÔûê............................................ 33/265  
Processing media files : ÔûêÔûêÔûêÔûêÔûêÔûê............................................ 34/265  
Processing media files : ÔûêÔûêÔûêÔûêÔûêÔûê............................................ 35/265  
Processing media files : ÔûêÔûêÔûêÔûêÔûêÔûê............................................ 36/265  
Processing media files : ÔûêÔûêÔûêÔûêÔûêÔûê............................................ 37/265  
Processing media files : ÔûêÔûêÔûêÔûêÔûêÔûêÔûê........................................... 38/265  
Processing media files : ÔûêÔûêÔûêÔûêÔûêÔûêÔûê........................................... 39/265  
Processing media files : ÔûêÔûêÔûêÔûêÔûêÔûêÔûê........................................... 40/265  
Processing media files : ÔûêÔûêÔûêÔûêÔûêÔûêÔûê........................................... 41/265  
Processing media files : ÔûêÔûêÔûêÔûêÔûêÔûêÔûê........................................... 42/265  
Processing media files : ÔûêÔûêÔûêÔûêÔûêÔûêÔûêÔûê.......................................... 43/265  
Processing media files : ÔûêÔûêÔûêÔûêÔûêÔûêÔûêÔûê.......................................... 44/265  
Processing media files : ÔûêÔûêÔûêÔûêÔûêÔûêÔûêÔûê.......................................... 45/265  
Processing media files : ÔûêÔûêÔûêÔûêÔûêÔûêÔûêÔûê.......................................... 46/265  
Processing media files : ÔûêÔûêÔûêÔûêÔûêÔûêÔûêÔûê.......................................... 47/265  
Processing media files : ÔûêÔûêÔûêÔûêÔûêÔûêÔûêÔûêÔûê......................................... 48/265  
Processing media files : ÔûêÔûêÔûêÔûêÔûêÔûêÔûêÔûêÔûê......................................... 49/265  
Processing media files : ÔûêÔûêÔûêÔûêÔûêÔûêÔûêÔûêÔûê......................................... 50/265  
Processing media files : ÔûêÔûêÔûêÔûêÔûêÔûêÔûêÔûêÔûê......................................... 51/265  
Processing media files : ÔûêÔûêÔûêÔûêÔûêÔûêÔûêÔûêÔûê......................................... 52/265  
Processing media files : ÔûêÔûêÔûêÔûêÔûêÔûêÔûêÔûêÔûêÔûê........................................ 53/265  
Processing media files : ÔûêÔûêÔûêÔûêÔûêÔûêÔûêÔûêÔûêÔûê........................................ 54/265  
Processing media files : ÔûêÔûêÔûêÔûêÔûêÔûêÔûêÔûêÔûêÔûê........................................ 55/265  
Processing media files : ÔûêÔûêÔûêÔûêÔûêÔûêÔûêÔûêÔûêÔûê........................................ 56/265  
Processing media files : ÔûêÔûêÔûêÔûêÔûêÔûêÔûêÔûêÔûêÔûê........................................ 57/265  
Processing media files : ÔûêÔûêÔûêÔûêÔûêÔûêÔûêÔûêÔûêÔûê........................................ 58/265  
Processing media files : ÔûêÔûêÔûêÔûêÔûêÔûêÔûêÔûêÔûêÔûêÔûê....................................... 59/265  
Processing media files : ÔûêÔûêÔûêÔûêÔûêÔûêÔûêÔûêÔûêÔûêÔûê....................................... 60/265  
Processing media files : ÔûêÔûêÔûêÔûêÔûêÔûêÔûêÔûêÔûêÔûêÔûê....................................... 61/265  
Processing media files : ÔûêÔûêÔûêÔûêÔûêÔûêÔûêÔûêÔûêÔûêÔûê....................................... 62/265  
Processing media files : ÔûêÔûêÔûêÔûêÔûêÔûêÔûêÔûêÔûêÔûêÔûê....................................... 63/265  
Processing media files : ÔûêÔûêÔûêÔûêÔûêÔûêÔûêÔûêÔûêÔûêÔûêÔûê...................................... 64/265  
Processing media files : ÔûêÔûêÔûêÔûêÔûêÔûêÔûêÔûêÔûêÔûêÔûêÔûê...................................... 65/265  
Processing media files : ÔûêÔûêÔûêÔûêÔûêÔûêÔûêÔûêÔûêÔûêÔûêÔûê...................................... 66/265  
Processing media files : ÔûêÔûêÔûêÔûêÔûêÔûêÔûêÔûêÔûêÔûêÔûêÔûê...................................... 67/265  
Processing media files : ÔûêÔûêÔûêÔûêÔûêÔûêÔûêÔûêÔûêÔûêÔûêÔûê...................................... 68/265  
Processing media files : ÔûêÔûêÔûêÔûêÔûêÔûêÔûêÔûêÔûêÔûêÔûêÔûêÔûê..................................... 69/265  
Processing media files : ÔûêÔûêÔûêÔûêÔûêÔûêÔûêÔûêÔûêÔûêÔûêÔûêÔûê..................................... 70/265  
Processing media files : ÔûêÔûêÔûêÔûêÔûêÔûêÔûêÔûêÔûêÔûêÔûêÔûêÔûê..................................... 71/265  
Processing media files : ÔûêÔûêÔûêÔûêÔûêÔûêÔûêÔûêÔûêÔûêÔûêÔûêÔûê..................................... 72/265  
Processing media files : ÔûêÔûêÔûêÔûêÔûêÔûêÔûêÔûêÔûêÔûêÔûêÔûêÔûê..................................... 73/265  
Processing media files : ÔûêÔûêÔûêÔûêÔûêÔûêÔûêÔûêÔûêÔûêÔûêÔûêÔûê..................................... 74/265  
Processing media files : ÔûêÔûêÔûêÔûêÔûêÔûêÔûêÔûêÔûêÔûêÔûêÔûêÔûêÔûê.................................... 75/265  
Processing media files : ÔûêÔûêÔûêÔûêÔûêÔûêÔûêÔûêÔûêÔûêÔûêÔûêÔûêÔûê.................................... 76/265  
Processing media files : ÔûêÔûêÔûêÔûêÔûêÔûêÔûêÔûêÔûêÔûêÔûêÔûêÔûêÔûê.................................... 77/265  
Processing media files : ÔûêÔûêÔûêÔûêÔûêÔûêÔûêÔûêÔûêÔûêÔûêÔûêÔûêÔûê.................................... 78/265  
Processing media files : ÔûêÔûêÔûêÔûêÔûêÔûêÔûêÔûêÔûêÔûêÔûêÔûêÔûêÔûê.................................... 79/265  
Processing media files : ÔûêÔûêÔûêÔûêÔûêÔûêÔûêÔûêÔûêÔûêÔûêÔûêÔûêÔûêÔûê................................... 80/265  
Processing media files : ÔûêÔûêÔûêÔûêÔûêÔûêÔûêÔûêÔûêÔûêÔûêÔûêÔûêÔûêÔûê................................... 81/265  
Processing media files : ÔûêÔûêÔûêÔûêÔûêÔûêÔûêÔûêÔûêÔûêÔûêÔûêÔûêÔûêÔûê................................... 82/265  
Processing media files : ÔûêÔûêÔûêÔûêÔûêÔûêÔûêÔûêÔûêÔûêÔûêÔûêÔûêÔûêÔûê................................... 83/265  
Processing media files : ÔûêÔûêÔûêÔûêÔûêÔûêÔûêÔûêÔûêÔûêÔûêÔûêÔûêÔûêÔûê................................... 84/265  
Processing media files : ÔûêÔûêÔûêÔûêÔûêÔûêÔûêÔûêÔûêÔûêÔûêÔûêÔûêÔûêÔûêÔûê.................................. 85/265  
Processing media files : ÔûêÔûêÔûêÔûêÔûêÔûêÔûêÔûêÔûêÔûêÔûêÔûêÔûêÔûêÔûêÔûê.................................. 86/265  
Processing media files : ÔûêÔûêÔûêÔûêÔûêÔûêÔûêÔûêÔûêÔûêÔûêÔûêÔûêÔûêÔûêÔûê.................................. 87/265  
Processing media files : ÔûêÔûêÔûêÔûêÔûêÔûêÔûêÔûêÔûêÔûêÔûêÔûêÔûêÔûêÔûêÔûê.................................. 88/265  
Processing media files : ÔûêÔûêÔûêÔûêÔûêÔûêÔûêÔûêÔûêÔûêÔûêÔûêÔûêÔûêÔûêÔûê.................................. 89/265  
Processing media files : ÔûêÔûêÔûêÔûêÔûêÔûêÔûêÔûêÔûêÔûêÔûêÔûêÔûêÔûêÔûêÔûê.................................. 90/265  
Processing media files : ÔûêÔûêÔûêÔûêÔûêÔûêÔûêÔûêÔûêÔûêÔûêÔûêÔûêÔûêÔûêÔûêÔûê................................. 91/265  
Processing media files : ÔûêÔûêÔûêÔûêÔûêÔûêÔûêÔûêÔûêÔûêÔûêÔûêÔûêÔûêÔûêÔûêÔûê................................. 92/265  
Processing media files : ÔûêÔûêÔûêÔûêÔûêÔûêÔûêÔûêÔûêÔûêÔûêÔûêÔûêÔûêÔûêÔûêÔûê................................. 93/265  
Processing media files : ÔûêÔûêÔûêÔûêÔûêÔûêÔûêÔûêÔûêÔûêÔûêÔûêÔûêÔûêÔûêÔûêÔûê................................. 94/265  
Processing media files : ÔûêÔûêÔûêÔûêÔûêÔûêÔûêÔûêÔûêÔûêÔûêÔûêÔûêÔûêÔûêÔûêÔûê................................. 95/265  
Processing media files : ÔûêÔûêÔûêÔûêÔûêÔûêÔûêÔûêÔûêÔûêÔûêÔûêÔûêÔûêÔûêÔûêÔûêÔûê................................ 96/265  
Processing media files : ÔûêÔûêÔûêÔûêÔûêÔûêÔûêÔûêÔûêÔûêÔûêÔûêÔûêÔûêÔûêÔûêÔûêÔûê................................ 97/265  
Processing media files : ÔûêÔûêÔûêÔûêÔûêÔûêÔûêÔûêÔûêÔûêÔûêÔûêÔûêÔûêÔûêÔûêÔûêÔûê................................ 98/265  
Processing media files : ÔûêÔûêÔûêÔûêÔûêÔûêÔûêÔûêÔûêÔûêÔûêÔûêÔûêÔûêÔûêÔûêÔûêÔûê................................ 99/265  
Processing media files : ÔûêÔûêÔûêÔûêÔûêÔûêÔûêÔûêÔûêÔûêÔûêÔûêÔûêÔûêÔûêÔûêÔûêÔûê................................ 100/265  
Processing media files : ÔûêÔûêÔûêÔûêÔûêÔûêÔûêÔûêÔûêÔûêÔûêÔûêÔûêÔûêÔûêÔûêÔûêÔûêÔûê............................... 101/265  
Processing media files : ÔûêÔûêÔûêÔûêÔûêÔûêÔûêÔûêÔûêÔûêÔûêÔûêÔûêÔûêÔûêÔûêÔûêÔûêÔûê............................... 102/265  
Processing media files : ÔûêÔûêÔûêÔûêÔûêÔûêÔûêÔûêÔûêÔûêÔûêÔûêÔûêÔûêÔûêÔûêÔûêÔûêÔûê............................... 103/265  
Processing media files : ÔûêÔûêÔûêÔûêÔûêÔûêÔûêÔûêÔûêÔûêÔûêÔûêÔûêÔûêÔûêÔûêÔûêÔûêÔûê............................... 104/265  
Processing media files : ÔûêÔûêÔûêÔûêÔûêÔûêÔûêÔûêÔûêÔûêÔûêÔûêÔûêÔûêÔûêÔûêÔûêÔûêÔûê............................... 105/265  
Processing media files : ÔûêÔûêÔûêÔûêÔûêÔûêÔûêÔûêÔûêÔûêÔûêÔûêÔûêÔûêÔûêÔûêÔûêÔûêÔûêÔûê.............................. 106/265  
Processing media files : ÔûêÔûêÔûêÔûêÔûêÔûêÔûêÔûêÔûêÔûêÔûêÔûêÔûêÔûêÔûêÔûêÔûêÔûêÔûêÔûê.............................. 107/265  
Processing media files : ÔûêÔûêÔûêÔûêÔûêÔûêÔûêÔûêÔûêÔûêÔûêÔûêÔûêÔûêÔûêÔûêÔûêÔûêÔûêÔûê.............................. 108/265  
Processing media files : ÔûêÔûêÔûêÔûêÔûêÔûêÔûêÔûêÔûêÔûêÔûêÔûêÔûêÔûêÔûêÔûêÔûêÔûêÔûêÔûê.............................. 109/265  
Processing media files : ÔûêÔûêÔûêÔûêÔûêÔûêÔûêÔûêÔûêÔûêÔûêÔûêÔûêÔûêÔûêÔûêÔûêÔûêÔûêÔûê.............................. 110/265  
Processing media files : ÔûêÔûêÔûêÔûêÔûêÔûêÔûêÔûêÔûêÔûêÔûêÔûêÔûêÔûêÔûêÔûêÔûêÔûêÔûêÔûê.............................. 111/265  
Processing media files : ÔûêÔûêÔûêÔûêÔûêÔûêÔûêÔûêÔûêÔûêÔûêÔûêÔûêÔûêÔûêÔûêÔûêÔûêÔûêÔûêÔûê............................. 112/265  
Processing media files : ÔûêÔûêÔûêÔûêÔûêÔûêÔûêÔûêÔûêÔûêÔûêÔûêÔûêÔûêÔûêÔûêÔûêÔûêÔûêÔûêÔûê............................. 113/265  
Processing media files : ÔûêÔûêÔûêÔûêÔûêÔûêÔûêÔûêÔûêÔûêÔûêÔûêÔûêÔûêÔûêÔûêÔûêÔûêÔûêÔûêÔûê............................. 114/265  
Processing media files : ÔûêÔûêÔûêÔûêÔûêÔûêÔûêÔûêÔûêÔûêÔûêÔûêÔûêÔûêÔûêÔûêÔûêÔûêÔûêÔûêÔûê............................. 115/265  
Processing media files : ÔûêÔûêÔûêÔûêÔûêÔûêÔûêÔûêÔûêÔûêÔûêÔûêÔûêÔûêÔûêÔûêÔûêÔûêÔûêÔûêÔûê............................. 116/265  
Processing media files : ÔûêÔûêÔûêÔûêÔûêÔûêÔûêÔûêÔûêÔûêÔûêÔûêÔûêÔûêÔûêÔûêÔûêÔûêÔûêÔûêÔûêÔûê............................ 117/265  
Processing media files : ÔûêÔûêÔûêÔûêÔûêÔûêÔûêÔûêÔûêÔûêÔûêÔûêÔûêÔûêÔûêÔûêÔûêÔûêÔûêÔûêÔûêÔûê............................ 118/265  
Processing media files : ÔûêÔûêÔûêÔûêÔûêÔûêÔûêÔûêÔûêÔûêÔûêÔûêÔûêÔûêÔûêÔûêÔûêÔûêÔûêÔûêÔûêÔûê............................ 119/265  
Processing media files : ÔûêÔûêÔûêÔûêÔûêÔûêÔûêÔûêÔûêÔûêÔûêÔûêÔûêÔûêÔûêÔûêÔûêÔûêÔûêÔûêÔûêÔûê............................ 120/265  
Processing media files : ÔûêÔûêÔûêÔûêÔûêÔûêÔûêÔûêÔûêÔûêÔûêÔûêÔûêÔûêÔûêÔûêÔûêÔûêÔûêÔûêÔûêÔûê............................ 121/265  
Processing media files : ÔûêÔûêÔûêÔûêÔûêÔûêÔûêÔûêÔûêÔûêÔûêÔûêÔûêÔûêÔûêÔûêÔûêÔûêÔûêÔûêÔûêÔûêÔûê........................... 122/265  
Processing media files : ÔûêÔûêÔûêÔûêÔûêÔûêÔûêÔûêÔûêÔûêÔûêÔûêÔûêÔûêÔûêÔûêÔûêÔûêÔûêÔûêÔûêÔûêÔûê........................... 123/265  
Processing media files : ÔûêÔûêÔûêÔûêÔûêÔûêÔûêÔûêÔûêÔûêÔûêÔûêÔûêÔûêÔûêÔûêÔûêÔûêÔûêÔûêÔûêÔûêÔûê........................... 124/265  
Processing media files : ÔûêÔûêÔûêÔûêÔûêÔûêÔûêÔûêÔûêÔûêÔûêÔûêÔûêÔûêÔûêÔûêÔûêÔûêÔûêÔûêÔûêÔûêÔûê........................... 125/265  
Processing media files : ÔûêÔûêÔûêÔûêÔûêÔûêÔûêÔûêÔûêÔûêÔûêÔûêÔûêÔûêÔûêÔûêÔûêÔûêÔûêÔûêÔûêÔûêÔûê........................... 126/265  
Processing media files : ÔûêÔûêÔûêÔûêÔûêÔûêÔûêÔûêÔûêÔûêÔûêÔûêÔûêÔûêÔûêÔûêÔûêÔûêÔûêÔûêÔûêÔûêÔûê........................... 127/265  
Processing media files : ÔûêÔûêÔûêÔûêÔûêÔûêÔûêÔûêÔûêÔûêÔûêÔûêÔûêÔûêÔûêÔûêÔûêÔûêÔûêÔûêÔûêÔûêÔûêÔûê.......................... 128/265  
Processing media files : ÔûêÔûêÔûêÔûêÔûêÔûêÔûêÔûêÔûêÔûêÔûêÔûêÔûêÔûêÔûêÔûêÔûêÔûêÔûêÔûêÔûêÔûêÔûêÔûê.......................... 129/265  
Processing media files : ÔûêÔûêÔûêÔûêÔûêÔûêÔûêÔûêÔûêÔûêÔûêÔûêÔûêÔûêÔûêÔûêÔûêÔûêÔûêÔûêÔûêÔûêÔûêÔûê.......................... 130/265  
Processing media files : ÔûêÔûêÔûêÔûêÔûêÔûêÔûêÔûêÔûêÔûêÔûêÔûêÔûêÔûêÔûêÔûêÔûêÔûêÔûêÔûêÔûêÔûêÔûêÔûê.......................... 131/265  
Processing media files : ÔûêÔûêÔûêÔûêÔûêÔûêÔûêÔûêÔûêÔûêÔûêÔûêÔûêÔûêÔûêÔûêÔûêÔûêÔûêÔûêÔûêÔûêÔûêÔûê.......................... 132/265  
Processing media files : ÔûêÔûêÔûêÔûêÔûêÔûêÔûêÔûêÔûêÔûêÔûêÔûêÔûêÔûêÔûêÔûêÔûêÔûêÔûêÔûêÔûêÔûêÔûêÔûêÔûê......................... 133/265  
Processing media files : ÔûêÔûêÔûêÔûêÔûêÔûêÔûêÔûêÔûêÔûêÔûêÔûêÔûêÔûêÔûêÔûêÔûêÔûêÔûêÔûêÔûêÔûêÔûêÔûêÔûê......................... 134/265  
Processing media files : ÔûêÔûêÔûêÔûêÔûêÔûêÔûêÔûêÔûêÔûêÔûêÔûêÔûêÔûêÔûêÔûêÔûêÔûêÔûêÔûêÔûêÔûêÔûêÔûêÔûê......................... 135/265  
Processing media files : ÔûêÔûêÔûêÔûêÔûêÔûêÔûêÔûêÔûêÔûêÔûêÔûêÔûêÔûêÔûêÔûêÔûêÔûêÔûêÔûêÔûêÔûêÔûêÔûêÔûê......................... 136/265  
Processing media files : ÔûêÔûêÔûêÔûêÔûêÔûêÔûêÔûêÔûêÔûêÔûêÔûêÔûêÔûêÔûêÔûêÔûêÔûêÔûêÔûêÔûêÔûêÔûêÔûêÔûê......................... 137/265  
Processing media files : ÔûêÔûêÔûêÔûêÔûêÔûêÔûêÔûêÔûêÔûêÔûêÔûêÔûêÔûêÔûêÔûêÔûêÔûêÔûêÔûêÔûêÔûêÔûêÔûêÔûêÔûê........................ 138/265  
Processing media files : ÔûêÔûêÔûêÔûêÔûêÔûêÔûêÔûêÔûêÔûêÔûêÔûêÔûêÔûêÔûêÔûêÔûêÔûêÔûêÔûêÔûêÔûêÔûêÔûêÔûêÔûê........................ 139/265  
Processing media files : ÔûêÔûêÔûêÔûêÔûêÔûêÔûêÔûêÔûêÔûêÔûêÔûêÔûêÔûêÔûêÔûêÔûêÔûêÔûêÔûêÔûêÔûêÔûêÔûêÔûêÔûê........................ 140/265  
Processing media files : ÔûêÔûêÔûêÔûêÔûêÔûêÔûêÔûêÔûêÔûêÔûêÔûêÔûêÔûêÔûêÔûêÔûêÔûêÔûêÔûêÔûêÔûêÔûêÔûêÔûêÔûê........................ 141/265  
Processing media files : ÔûêÔûêÔûêÔûêÔûêÔûêÔûêÔûêÔûêÔûêÔûêÔûêÔûêÔûêÔûêÔûêÔûêÔûêÔûêÔûêÔûêÔûêÔûêÔûêÔûêÔûê........................ 142/265  
Processing media files : ÔûêÔûêÔûêÔûêÔûêÔûêÔûêÔûêÔûêÔûêÔûêÔûêÔûêÔûêÔûêÔûêÔûêÔûêÔûêÔûêÔûêÔûêÔûêÔûêÔûêÔûê........................ 143/265  
Processing media files : ÔûêÔûêÔûêÔûêÔûêÔûêÔûêÔûêÔûêÔûêÔûêÔûêÔûêÔûêÔûêÔûêÔûêÔûêÔûêÔûêÔûêÔûêÔûêÔûêÔûêÔûêÔûê....................... 144/265  
Processing media files : ÔûêÔûêÔûêÔûêÔûêÔûêÔûêÔûêÔûêÔûêÔûêÔûêÔûêÔûêÔûêÔûêÔûêÔûêÔûêÔûêÔûêÔûêÔûêÔûêÔûêÔûêÔûê....................... 145/265  
Processing media files : ÔûêÔûêÔûêÔûêÔûêÔûêÔûêÔûêÔûêÔûêÔûêÔûêÔûêÔûêÔûêÔûêÔûêÔûêÔûêÔûêÔûêÔûêÔûêÔûêÔûêÔûêÔûê....................... 146/265  
Processing media files : ÔûêÔûêÔûêÔûêÔûêÔûêÔûêÔûêÔûêÔûêÔûêÔûêÔûêÔûêÔûêÔûêÔûêÔûêÔûêÔûêÔûêÔûêÔûêÔûêÔûêÔûêÔûê....................... 147/265  
Processing media files : ÔûêÔûêÔûêÔûêÔûêÔûêÔûêÔûêÔûêÔûêÔûêÔûêÔûêÔûêÔûêÔûêÔûêÔûêÔûêÔûêÔûêÔûêÔûêÔûêÔûêÔûêÔûê....................... 148/265  
Processing media files : ÔûêÔûêÔûêÔûêÔûêÔûêÔûêÔûêÔûêÔûêÔûêÔûêÔûêÔûêÔûêÔûêÔûêÔûêÔûêÔûêÔûêÔûêÔûêÔûêÔûêÔûêÔûêÔûê...................... 149/265  
Processing media files : ÔûêÔûêÔûêÔûêÔûêÔûêÔûêÔûêÔûêÔûêÔûêÔûêÔûêÔûêÔûêÔûêÔûêÔûêÔûêÔûêÔûêÔûêÔûêÔûêÔûêÔûêÔûêÔûê...................... 150/265  
Processing media files : ÔûêÔûêÔûêÔûêÔûêÔûêÔûêÔûêÔûêÔûêÔûêÔûêÔûêÔûêÔûêÔûêÔûêÔûêÔûêÔûêÔûêÔûêÔûêÔûêÔûêÔûêÔûêÔûê...................... 151/265  
Processing media files : ÔûêÔûêÔûêÔûêÔûêÔûêÔûêÔûêÔûêÔûêÔûêÔûêÔûêÔûêÔûêÔûêÔûêÔûêÔûêÔûêÔûêÔûêÔûêÔûêÔûêÔûêÔûêÔûê...................... 152/265  
Processing media files : ÔûêÔûêÔûêÔûêÔûêÔûêÔûêÔûêÔûêÔûêÔûêÔûêÔûêÔûêÔûêÔûêÔûêÔûêÔûêÔûêÔûêÔûêÔûêÔûêÔûêÔûêÔûêÔûê...................... 153/265  
Processing media files : ÔûêÔûêÔûêÔûêÔûêÔûêÔûêÔûêÔûêÔûêÔûêÔûêÔûêÔûêÔûêÔûêÔûêÔûêÔûêÔûêÔûêÔûêÔûêÔûêÔûêÔûêÔûêÔûêÔûê..................... 154/265  
Processing media files : ÔûêÔûêÔûêÔûêÔûêÔûêÔûêÔûêÔûêÔûêÔûêÔûêÔûêÔûêÔûêÔûêÔûêÔûêÔûêÔûêÔûêÔûêÔûêÔûêÔûêÔûêÔûêÔûêÔûê..................... 155/265  
Processing media files : ÔûêÔûêÔûêÔûêÔûêÔûêÔûêÔûêÔûêÔûêÔûêÔûêÔûêÔûêÔûêÔûêÔûêÔûêÔûêÔûêÔûêÔûêÔûêÔûêÔûêÔûêÔûêÔûêÔûê..................... 156/265  
Processing media files : ÔûêÔûêÔûêÔûêÔûêÔûêÔûêÔûêÔûêÔûêÔûêÔûêÔûêÔûêÔûêÔûêÔûêÔûêÔûêÔûêÔûêÔûêÔûêÔûêÔûêÔûêÔûêÔûêÔûê..................... 157/265  
Processing media files : ÔûêÔûêÔûêÔûêÔûêÔûêÔûêÔûêÔûêÔûêÔûêÔûêÔûêÔûêÔûêÔûêÔûêÔûêÔûêÔûêÔûêÔûêÔûêÔûêÔûêÔûêÔûêÔûêÔûê..................... 158/265  
Processing media files : ÔûêÔûêÔûêÔûêÔûêÔûêÔûêÔûêÔûêÔûêÔûêÔûêÔûêÔûêÔûêÔûêÔûêÔûêÔûêÔûêÔûêÔûêÔûêÔûêÔûêÔûêÔûêÔûêÔûêÔûê.................... 159/265  
Processing media files : ÔûêÔûêÔûêÔûêÔûêÔûêÔûêÔûêÔûêÔûêÔûêÔûêÔûêÔûêÔûêÔûêÔûêÔûêÔûêÔûêÔûêÔûêÔûêÔûêÔûêÔûêÔûêÔûêÔûêÔûê.................... 160/265  
Processing media files : ÔûêÔûêÔûêÔûêÔûêÔûêÔûêÔûêÔûêÔûêÔûêÔûêÔûêÔûêÔûêÔûêÔûêÔûêÔûêÔûêÔûêÔûêÔûêÔûêÔûêÔûêÔûêÔûêÔûêÔûê.................... 161/265  
Processing media files : ÔûêÔûêÔûêÔûêÔûêÔûêÔûêÔûêÔûêÔûêÔûêÔûêÔûêÔûêÔûêÔûêÔûêÔûêÔûêÔûêÔûêÔûêÔûêÔûêÔûêÔûêÔûêÔûêÔûêÔûê.................... 162/265  
Processing media files : ÔûêÔûêÔûêÔûêÔûêÔûêÔûêÔûêÔûêÔûêÔûêÔûêÔûêÔûêÔûêÔûêÔûêÔûêÔûêÔûêÔûêÔûêÔûêÔûêÔûêÔûêÔûêÔûêÔûêÔûê.................... 163/265  
Processing media files : ÔûêÔûêÔûêÔûêÔûêÔûêÔûêÔûêÔûêÔûêÔûêÔûêÔûêÔûêÔûêÔûêÔûêÔûêÔûêÔûêÔûêÔûêÔûêÔûêÔûêÔûêÔûêÔûêÔûêÔûê.................... 164/265  
Processing media files : ÔûêÔûêÔûêÔûêÔûêÔûêÔûêÔûêÔûêÔûêÔûêÔûêÔûêÔûêÔûêÔûêÔûêÔûêÔûêÔûêÔûêÔûêÔûêÔûêÔûêÔûêÔûêÔûêÔûêÔûêÔûê................... 165/265  
Processing media files : ÔûêÔûêÔûêÔûêÔûêÔûêÔûêÔûêÔûêÔûêÔûêÔûêÔûêÔûêÔûêÔûêÔûêÔûêÔûêÔûêÔûêÔûêÔûêÔûêÔûêÔûêÔûêÔûêÔûêÔûêÔûê................... 166/265  
Processing media files : ÔûêÔûêÔûêÔûêÔûêÔûêÔûêÔûêÔûêÔûêÔûêÔûêÔûêÔûêÔûêÔûêÔûêÔûêÔûêÔûêÔûêÔûêÔûêÔûêÔûêÔûêÔûêÔûêÔûêÔûêÔûê................... 167/265  
Processing media files : ÔûêÔûêÔûêÔûêÔûêÔûêÔûêÔûêÔûêÔûêÔûêÔûêÔûêÔûêÔûêÔûêÔûêÔûêÔûêÔûêÔûêÔûêÔûêÔûêÔûêÔûêÔûêÔûêÔûêÔûêÔûê................... 168/265  
Processing media files : ÔûêÔûêÔûêÔûêÔûêÔûêÔûêÔûêÔûêÔûêÔûêÔûêÔûêÔûêÔûêÔûêÔûêÔûêÔûêÔûêÔûêÔûêÔûêÔûêÔûêÔûêÔûêÔûêÔûêÔûêÔûê................... 169/265  
Processing media files : ÔûêÔûêÔûêÔûêÔûêÔûêÔûêÔûêÔûêÔûêÔûêÔûêÔûêÔûêÔûêÔûêÔûêÔûêÔûêÔûêÔûêÔûêÔûêÔûêÔûêÔûêÔûêÔûêÔûêÔûêÔûêÔûê.................. 170/265  
Processing media files : ÔûêÔûêÔûêÔûêÔûêÔûêÔûêÔûêÔûêÔûêÔûêÔûêÔûêÔûêÔûêÔûêÔûêÔûêÔûêÔûêÔûêÔûêÔûêÔûêÔûêÔûêÔûêÔûêÔûêÔûêÔûêÔûê.................. 171/265  
Processing media files : ÔûêÔûêÔûêÔûêÔûêÔûêÔûêÔûêÔûêÔûêÔûêÔûêÔûêÔûêÔûêÔûêÔûêÔûêÔûêÔûêÔûêÔûêÔûêÔûêÔûêÔûêÔûêÔûêÔûêÔûêÔûêÔûê.................. 172/265  
Processing media files : ÔûêÔûêÔûêÔûêÔûêÔûêÔûêÔûêÔûêÔûêÔûêÔûêÔûêÔûêÔûêÔûêÔûêÔûêÔûêÔûêÔûêÔûêÔûêÔûêÔûêÔûêÔûêÔûêÔûêÔûêÔûêÔûê.................. 173/265  
Processing media files : ÔûêÔûêÔûêÔûêÔûêÔûêÔûêÔûêÔûêÔûêÔûêÔûêÔûêÔûêÔûêÔûêÔûêÔûêÔûêÔûêÔûêÔûêÔûêÔûêÔûêÔûêÔûêÔûêÔûêÔûêÔûêÔûê.................. 174/265  
Processing media files : ÔûêÔûêÔûêÔûêÔûêÔûêÔûêÔûêÔûêÔûêÔûêÔûêÔûêÔûêÔûêÔûêÔûêÔûêÔûêÔûêÔûêÔûêÔûêÔûêÔûêÔûêÔûêÔûêÔûêÔûêÔûêÔûêÔûê................. 175/265  
Processing media files : ÔûêÔûêÔûêÔûêÔûêÔûêÔûêÔûêÔûêÔûêÔûêÔûêÔûêÔûêÔûêÔûêÔûêÔûêÔûêÔûêÔûêÔûêÔûêÔûêÔûêÔûêÔûêÔûêÔûêÔûêÔûêÔûêÔûê................. 176/265  
Processing media files : ÔûêÔûêÔûêÔûêÔûêÔûêÔûêÔûêÔûêÔûêÔûêÔûêÔûêÔûêÔûêÔûêÔûêÔûêÔûêÔûêÔûêÔûêÔûêÔûêÔûêÔûêÔûêÔûêÔûêÔûêÔûêÔûêÔûê................. 177/265  
Processing media files : ÔûêÔûêÔûêÔûêÔûêÔûêÔûêÔûêÔûêÔûêÔûêÔûêÔûêÔûêÔûêÔûêÔûêÔûêÔûêÔûêÔûêÔûêÔûêÔûêÔûêÔûêÔûêÔûêÔûêÔûêÔûêÔûêÔûê................. 178/265  
Processing media files : ÔûêÔûêÔûêÔûêÔûêÔûêÔûêÔûêÔûêÔûêÔûêÔûêÔûêÔûêÔûêÔûêÔûêÔûêÔûêÔûêÔûêÔûêÔûêÔûêÔûêÔûêÔûêÔûêÔûêÔûêÔûêÔûêÔûê................. 179/265  
Processing media files : ÔûêÔûêÔûêÔûêÔûêÔûêÔûêÔûêÔûêÔûêÔûêÔûêÔûêÔûêÔûêÔûêÔûêÔûêÔûêÔûêÔûêÔûêÔûêÔûêÔûêÔûêÔûêÔûêÔûêÔûêÔûêÔûêÔûê................. 180/265  
Processing media files : ÔûêÔûêÔûêÔûêÔûêÔûêÔûêÔûêÔûêÔûêÔûêÔûêÔûêÔûêÔûêÔûêÔûêÔûêÔûêÔûêÔûêÔûêÔûêÔûêÔûêÔûêÔûêÔûêÔûêÔûêÔûêÔûêÔûêÔûê................ 181/265  
Processing media files : ÔûêÔûêÔûêÔûêÔûêÔûêÔûêÔûêÔûêÔûêÔûêÔûêÔûêÔûêÔûêÔûêÔûêÔûêÔûêÔûêÔûêÔûêÔûêÔûêÔûêÔûêÔûêÔûêÔûêÔûêÔûêÔûêÔûêÔûê................ 182/265  
Processing media files : ÔûêÔûêÔûêÔûêÔûêÔûêÔûêÔûêÔûêÔûêÔûêÔûêÔûêÔûêÔûêÔûêÔûêÔûêÔûêÔûêÔûêÔûêÔûêÔûêÔûêÔûêÔûêÔûêÔûêÔûêÔûêÔûêÔûêÔûê................ 183/265  
Processing media files : ÔûêÔûêÔûêÔûêÔûêÔûêÔûêÔûêÔûêÔûêÔûêÔûêÔûêÔûêÔûêÔûêÔûêÔûêÔûêÔûêÔûêÔûêÔûêÔûêÔûêÔûêÔûêÔûêÔûêÔûêÔûêÔûêÔûêÔûê................ 184/265  
Processing media files : ÔûêÔûêÔûêÔûêÔûêÔûêÔûêÔûêÔûêÔûêÔûêÔûêÔûêÔûêÔûêÔûêÔûêÔûêÔûêÔûêÔûêÔûêÔûêÔûêÔûêÔûêÔûêÔûêÔûêÔûêÔûêÔûêÔûêÔûê................ 185/265  
Processing media files : ÔûêÔûêÔûêÔûêÔûêÔûêÔûêÔûêÔûêÔûêÔûêÔûêÔûêÔûêÔûêÔûêÔûêÔûêÔûêÔûêÔûêÔûêÔûêÔûêÔûêÔûêÔûêÔûêÔûêÔûêÔûêÔûêÔûêÔûêÔûê............... 186/265  
Processing media files : ÔûêÔûêÔûêÔûêÔûêÔûêÔûêÔûêÔûêÔûêÔûêÔûêÔûêÔûêÔûêÔûêÔûêÔûêÔûêÔûêÔûêÔûêÔûêÔûêÔûêÔûêÔûêÔûêÔûêÔûêÔûêÔûêÔûêÔûêÔûê............... 187/265  
Processing media files : ÔûêÔûêÔûêÔûêÔûêÔûêÔûêÔûêÔûêÔûêÔûêÔûêÔûêÔûêÔûêÔûêÔûêÔûêÔûêÔûêÔûêÔûêÔûêÔûêÔûêÔûêÔûêÔûêÔûêÔûêÔûêÔûêÔûêÔûêÔûê............... 188/265  
Processing media files : ÔûêÔûêÔûêÔûêÔûêÔûêÔûêÔûêÔûêÔûêÔûêÔûêÔûêÔûêÔûêÔûêÔûêÔûêÔûêÔûêÔûêÔûêÔûêÔûêÔûêÔûêÔûêÔûêÔûêÔûêÔûêÔûêÔûêÔûêÔûê............... 189/265  
Processing media files : ÔûêÔûêÔûêÔûêÔûêÔûêÔûêÔûêÔûêÔûêÔûêÔûêÔûêÔûêÔûêÔûêÔûêÔûêÔûêÔûêÔûêÔûêÔûêÔûêÔûêÔûêÔûêÔûêÔûêÔûêÔûêÔûêÔûêÔûêÔûê............... 190/265  
Processing media files : ÔûêÔûêÔûêÔûêÔûêÔûêÔûêÔûêÔûêÔûêÔûêÔûêÔûêÔûêÔûêÔûêÔûêÔûêÔûêÔûêÔûêÔûêÔûêÔûêÔûêÔûêÔûêÔûêÔûêÔûêÔûêÔûêÔûêÔûêÔûêÔûê.............. 191/265  
Processing media files : ÔûêÔûêÔûêÔûêÔûêÔûêÔûêÔûêÔûêÔûêÔûêÔûêÔûêÔûêÔûêÔûêÔûêÔûêÔûêÔûêÔûêÔûêÔûêÔûêÔûêÔûêÔûêÔûêÔûêÔûêÔûêÔûêÔûêÔûêÔûêÔûê.............. 192/265  
Processing media files : ÔûêÔûêÔûêÔûêÔûêÔûêÔûêÔûêÔûêÔûêÔûêÔûêÔûêÔûêÔûêÔûêÔûêÔûêÔûêÔûêÔûêÔûêÔûêÔûêÔûêÔûêÔûêÔûêÔûêÔûêÔûêÔûêÔûêÔûêÔûêÔûê.............. 193/265  
Processing media files : ÔûêÔûêÔûêÔûêÔûêÔûêÔûêÔûêÔûêÔûêÔûêÔûêÔûêÔûêÔûêÔûêÔûêÔûêÔûêÔûêÔûêÔûêÔûêÔûêÔûêÔûêÔûêÔûêÔûêÔûêÔûêÔûêÔûêÔûêÔûêÔûê.............. 194/265  
Processing media files : ÔûêÔûêÔûêÔûêÔûêÔûêÔûêÔûêÔûêÔûêÔûêÔûêÔûêÔûêÔûêÔûêÔûêÔûêÔûêÔûêÔûêÔûêÔûêÔûêÔûêÔûêÔûêÔûêÔûêÔûêÔûêÔûêÔûêÔûêÔûêÔûê.............. 195/265  
Processing media files : ÔûêÔûêÔûêÔûêÔûêÔûêÔûêÔûêÔûêÔûêÔûêÔûêÔûêÔûêÔûêÔûêÔûêÔûêÔûêÔûêÔûêÔûêÔûêÔûêÔûêÔûêÔûêÔûêÔûêÔûêÔûêÔûêÔûêÔûêÔûêÔûê.............. 196/265  
Processing media files : ÔûêÔûêÔûêÔûêÔûêÔûêÔûêÔûêÔûêÔûêÔûêÔûêÔûêÔûêÔûêÔûêÔûêÔûêÔûêÔûêÔûêÔûêÔûêÔûêÔûêÔûêÔûêÔûêÔûêÔûêÔûêÔûêÔûêÔûêÔûêÔûêÔûê............. 197/265  
Processing media files : ÔûêÔûêÔûêÔûêÔûêÔûêÔûêÔûêÔûêÔûêÔûêÔûêÔûêÔûêÔûêÔûêÔûêÔûêÔûêÔûêÔûêÔûêÔûêÔûêÔûêÔûêÔûêÔûêÔûêÔûêÔûêÔûêÔûêÔûêÔûêÔûêÔûê............. 198/265  
Processing media files : ÔûêÔûêÔûêÔûêÔûêÔûêÔûêÔûêÔûêÔûêÔûêÔûêÔûêÔûêÔûêÔûêÔûêÔûêÔûêÔûêÔûêÔûêÔûêÔûêÔûêÔûêÔûêÔûêÔûêÔûêÔûêÔûêÔûêÔûêÔûêÔûêÔûê............. 199/265  
Processing media files : ÔûêÔûêÔûêÔûêÔûêÔûêÔûêÔûêÔûêÔûêÔûêÔûêÔûêÔûêÔûêÔûêÔûêÔûêÔûêÔûêÔûêÔûêÔûêÔûêÔûêÔûêÔûêÔûêÔûêÔûêÔûêÔûêÔûêÔûêÔûêÔûêÔûê............. 200/265  
Processing media files : ÔûêÔûêÔûêÔûêÔûêÔûêÔûêÔûêÔûêÔûêÔûêÔûêÔûêÔûêÔûêÔûêÔûêÔûêÔûêÔûêÔûêÔûêÔûêÔûêÔûêÔûêÔûêÔûêÔûêÔûêÔûêÔûêÔûêÔûêÔûêÔûêÔûê............. 201/265  
Processing media files : ÔûêÔûêÔûêÔûêÔûêÔûêÔûêÔûêÔûêÔûêÔûêÔûêÔûêÔûêÔûêÔûêÔûêÔûêÔûêÔûêÔûêÔûêÔûêÔûêÔûêÔûêÔûêÔûêÔûêÔûêÔûêÔûêÔûêÔûêÔûêÔûêÔûêÔûê............ 202/265  
Processing media files : ÔûêÔûêÔûêÔûêÔûêÔûêÔûêÔûêÔûêÔûêÔûêÔûêÔûêÔûêÔûêÔûêÔûêÔûêÔûêÔûêÔûêÔûêÔûêÔûêÔûêÔûêÔûêÔûêÔûêÔûêÔûêÔûêÔûêÔûêÔûêÔûêÔûêÔûê............ 203/265  
Processing media files : ÔûêÔûêÔûêÔûêÔûêÔûêÔûêÔûêÔûêÔûêÔûêÔûêÔûêÔûêÔûêÔûêÔûêÔûêÔûêÔûêÔûêÔûêÔûêÔûêÔûêÔûêÔûêÔûêÔûêÔûêÔûêÔûêÔûêÔûêÔûêÔûêÔûêÔûê............ 204/265  
Processing media files : ÔûêÔûêÔûêÔûêÔûêÔûêÔûêÔûêÔûêÔûêÔûêÔûêÔûêÔûêÔûêÔûêÔûêÔûêÔûêÔûêÔûêÔûêÔûêÔûêÔûêÔûêÔûêÔûêÔûêÔûêÔûêÔûêÔûêÔûêÔûêÔûêÔûêÔûê............ 205/265  
Processing media files : ÔûêÔûêÔûêÔûêÔûêÔûêÔûêÔûêÔûêÔûêÔûêÔûêÔûêÔûêÔûêÔûêÔûêÔûêÔûêÔûêÔûêÔûêÔûêÔûêÔûêÔûêÔûêÔûêÔûêÔûêÔûêÔûêÔûêÔûêÔûêÔûêÔûêÔûê............ 206/265  
Processing media files : ÔûêÔûêÔûêÔûêÔûêÔûêÔûêÔûêÔûêÔûêÔûêÔûêÔûêÔûêÔûêÔûêÔûêÔûêÔûêÔûêÔûêÔûêÔûêÔûêÔûêÔûêÔûêÔûêÔûêÔûêÔûêÔûêÔûêÔûêÔûêÔûêÔûêÔûêÔûê........... 207/265  
Processing media files : ÔûêÔûêÔûêÔûêÔûêÔûêÔûêÔûêÔûêÔûêÔûêÔûêÔûêÔûêÔûêÔûêÔûêÔûêÔûêÔûêÔûêÔûêÔûêÔûêÔûêÔûêÔûêÔûêÔûêÔûêÔûêÔûêÔûêÔûêÔûêÔûêÔûêÔûêÔûê........... 208/265  
Processing media files : ÔûêÔûêÔûêÔûêÔûêÔûêÔûêÔûêÔûêÔûêÔûêÔûêÔûêÔûêÔûêÔûêÔûêÔûêÔûêÔûêÔûêÔûêÔûêÔûêÔûêÔûêÔûêÔûêÔûêÔûêÔûêÔûêÔûêÔûêÔûêÔûêÔûêÔûêÔûê........... 209/265  
Processing media files : ÔûêÔûêÔûêÔûêÔûêÔûêÔûêÔûêÔûêÔûêÔûêÔûêÔûêÔûêÔûêÔûêÔûêÔûêÔûêÔûêÔûêÔûêÔûêÔûêÔûêÔûêÔûêÔûêÔûêÔûêÔûêÔûêÔûêÔûêÔûêÔûêÔûêÔûêÔûê........... 210/265  
Processing media files : ÔûêÔûêÔûêÔûêÔûêÔûêÔûêÔûêÔûêÔûêÔûêÔûêÔûêÔûêÔûêÔûêÔûêÔûêÔûêÔûêÔûêÔûêÔûêÔûêÔûêÔûêÔûêÔûêÔûêÔûêÔûêÔûêÔûêÔûêÔûêÔûêÔûêÔûêÔûê........... 211/265  
Processing media files : ÔûêÔûêÔûêÔûêÔûêÔûêÔûêÔûêÔûêÔûêÔûêÔûêÔûêÔûêÔûêÔûêÔûêÔûêÔûêÔûêÔûêÔûêÔûêÔûêÔûêÔûêÔûêÔûêÔûêÔûêÔûêÔûêÔûêÔûêÔûêÔûêÔûêÔûêÔûêÔûê.......... 212/265  
Processing media files : ÔûêÔûêÔûêÔûêÔûêÔûêÔûêÔûêÔûêÔûêÔûêÔûêÔûêÔûêÔûêÔûêÔûêÔûêÔûêÔûêÔûêÔûêÔûêÔûêÔûêÔûêÔûêÔûêÔûêÔûêÔûêÔûêÔûêÔûêÔûêÔûêÔûêÔûêÔûêÔûê.......... 213/265  
Processing media files : ÔûêÔûêÔûêÔûêÔûêÔûêÔûêÔûêÔûêÔûêÔûêÔûêÔûêÔûêÔûêÔûêÔûêÔûêÔûêÔûêÔûêÔûêÔûêÔûêÔûêÔûêÔûêÔûêÔûêÔûêÔûêÔûêÔûêÔûêÔûêÔûêÔûêÔûêÔûêÔûê.......... 214/265  
Processing media files : ÔûêÔûêÔûêÔûêÔûêÔûêÔûêÔûêÔûêÔûêÔûêÔûêÔûêÔûêÔûêÔûêÔûêÔûêÔûêÔûêÔûêÔûêÔûêÔûêÔûêÔûêÔûêÔûêÔûêÔûêÔûêÔûêÔûêÔûêÔûêÔûêÔûêÔûêÔûêÔûê.......... 215/265  
Processing media files : ÔûêÔûêÔûêÔûêÔûêÔûêÔûêÔûêÔûêÔûêÔûêÔûêÔûêÔûêÔûêÔûêÔûêÔûêÔûêÔûêÔûêÔûêÔûêÔûêÔûêÔûêÔûêÔûêÔûêÔûêÔûêÔûêÔûêÔûêÔûêÔûêÔûêÔûêÔûêÔûê.......... 216/265  
Processing media files : ÔûêÔûêÔûêÔûêÔûêÔûêÔûêÔûêÔûêÔûêÔûêÔûêÔûêÔûêÔûêÔûêÔûêÔûêÔûêÔûêÔûêÔûêÔûêÔûêÔûêÔûêÔûêÔûêÔûêÔûêÔûêÔûêÔûêÔûêÔûêÔûêÔûêÔûêÔûêÔûê.......... 217/265  
Processing media files : ÔûêÔûêÔûêÔûêÔûêÔûêÔûêÔûêÔûêÔûêÔûêÔûêÔûêÔûêÔûêÔûêÔûêÔûêÔûêÔûêÔûêÔûêÔûêÔûêÔûêÔûêÔûêÔûêÔûêÔûêÔûêÔûêÔûêÔûêÔûêÔûêÔûêÔûêÔûêÔûêÔûê......... 218/265  
Processing media files : ÔûêÔûêÔûêÔûêÔûêÔûêÔûêÔûêÔûêÔûêÔûêÔûêÔûêÔûêÔûêÔûêÔûêÔûêÔûêÔûêÔûêÔûêÔûêÔûêÔûêÔûêÔûêÔûêÔûêÔûêÔûêÔûêÔûêÔûêÔûêÔûêÔûêÔûêÔûêÔûêÔûê......... 219/265  
Processing media files : ÔûêÔûêÔûêÔûêÔûêÔûêÔûêÔûêÔûêÔûêÔûêÔûêÔûêÔûêÔûêÔûêÔûêÔûêÔûêÔûêÔûêÔûêÔûêÔûêÔûêÔûêÔûêÔûêÔûêÔûêÔûêÔûêÔûêÔûêÔûêÔûêÔûêÔûêÔûêÔûêÔûê......... 220/265  
Processing media files : ÔûêÔûêÔûêÔûêÔûêÔûêÔûêÔûêÔûêÔûêÔûêÔûêÔûêÔûêÔûêÔûêÔûêÔûêÔûêÔûêÔûêÔûêÔûêÔûêÔûêÔûêÔûêÔûêÔûêÔûêÔûêÔûêÔûêÔûêÔûêÔûêÔûêÔûêÔûêÔûêÔûê......... 221/265  
Processing media files : ÔûêÔûêÔûêÔûêÔûêÔûêÔûêÔûêÔûêÔûêÔûêÔûêÔûêÔûêÔûêÔûêÔûêÔûêÔûêÔûêÔûêÔûêÔûêÔûêÔûêÔûêÔûêÔûêÔûêÔûêÔûêÔûêÔûêÔûêÔûêÔûêÔûêÔûêÔûêÔûêÔûê......... 222/265  
Processing media files : ÔûêÔûêÔûêÔûêÔûêÔûêÔûêÔûêÔûêÔûêÔûêÔûêÔûêÔûêÔûêÔûêÔûêÔûêÔûêÔûêÔûêÔûêÔûêÔûêÔûêÔûêÔûêÔûêÔûêÔûêÔûêÔûêÔûêÔûêÔûêÔûêÔûêÔûêÔûêÔûêÔûêÔûê........ 223/265  
Processing media files : ÔûêÔûêÔûêÔûêÔûêÔûêÔûêÔûêÔûêÔûêÔûêÔûêÔûêÔûêÔûêÔûêÔûêÔûêÔûêÔûêÔûêÔûêÔûêÔûêÔûêÔûêÔûêÔûêÔûêÔûêÔûêÔûêÔûêÔûêÔûêÔûêÔûêÔûêÔûêÔûêÔûêÔûê........ 224/265  
Processing media files : ÔûêÔûêÔûêÔûêÔûêÔûêÔûêÔûêÔûêÔûêÔûêÔûêÔûêÔûêÔûêÔûêÔûêÔûêÔûêÔûêÔûêÔûêÔûêÔûêÔûêÔûêÔûêÔûêÔûêÔûêÔûêÔûêÔûêÔûêÔûêÔûêÔûêÔûêÔûêÔûêÔûêÔûê........ 225/265  
Processing media files : ÔûêÔûêÔûêÔûêÔûêÔûêÔûêÔûêÔûêÔûêÔûêÔûêÔûêÔûêÔûêÔûêÔûêÔûêÔûêÔûêÔûêÔûêÔûêÔûêÔûêÔûêÔûêÔûêÔûêÔûêÔûêÔûêÔûêÔûêÔûêÔûêÔûêÔûêÔûêÔûêÔûêÔûê........ 226/265  
Processing media files : ÔûêÔûêÔûêÔûêÔûêÔûêÔûêÔûêÔûêÔûêÔûêÔûêÔûêÔûêÔûêÔûêÔûêÔûêÔûêÔûêÔûêÔûêÔûêÔûêÔûêÔûêÔûêÔûêÔûêÔûêÔûêÔûêÔûêÔûêÔûêÔûêÔûêÔûêÔûêÔûêÔûêÔûê........ 227/265  
Processing media files : ÔûêÔûêÔûêÔûêÔûêÔûêÔûêÔûêÔûêÔûêÔûêÔûêÔûêÔûêÔûêÔûêÔûêÔûêÔûêÔûêÔûêÔûêÔûêÔûêÔûêÔûêÔûêÔûêÔûêÔûêÔûêÔûêÔûêÔûêÔûêÔûêÔûêÔûêÔûêÔûêÔûêÔûêÔûê....... 228/265  
Processing media files : ÔûêÔûêÔûêÔûêÔûêÔûêÔûêÔûêÔûêÔûêÔûêÔûêÔûêÔûêÔûêÔûêÔûêÔûêÔûêÔûêÔûêÔûêÔûêÔûêÔûêÔûêÔûêÔûêÔûêÔûêÔûêÔûêÔûêÔûêÔûêÔûêÔûêÔûêÔûêÔûêÔûêÔûêÔûê....... 229/265  
Processing media files : ÔûêÔûêÔûêÔûêÔûêÔûêÔûêÔûêÔûêÔûêÔûêÔûêÔûêÔûêÔûêÔûêÔûêÔûêÔûêÔûêÔûêÔûêÔûêÔûêÔûêÔûêÔûêÔûêÔûêÔûêÔûêÔûêÔûêÔûêÔûêÔûêÔûêÔûêÔûêÔûêÔûêÔûêÔûê....... 230/265  
Processing media files : ÔûêÔûêÔûêÔûêÔûêÔûêÔûêÔûêÔûêÔûêÔûêÔûêÔûêÔûêÔûêÔûêÔûêÔûêÔûêÔûêÔûêÔûêÔûêÔûêÔûêÔûêÔûêÔûêÔûêÔûêÔûêÔûêÔûêÔûêÔûêÔûêÔûêÔûêÔûêÔûêÔûêÔûêÔûê....... 231/265  
Processing media files : ÔûêÔûêÔûêÔûêÔûêÔûêÔûêÔûêÔûêÔûêÔûêÔûêÔûêÔûêÔûêÔûêÔûêÔûêÔûêÔûêÔûêÔûêÔûêÔûêÔûêÔûêÔûêÔûêÔûêÔûêÔûêÔûêÔûêÔûêÔûêÔûêÔûêÔûêÔûêÔûêÔûêÔûêÔûê....... 232/265  
Processing media files : ÔûêÔûêÔûêÔûêÔûêÔûêÔûêÔûêÔûêÔûêÔûêÔûêÔûêÔûêÔûêÔûêÔûêÔûêÔûêÔûêÔûêÔûêÔûêÔûêÔûêÔûêÔûêÔûêÔûêÔûêÔûêÔûêÔûêÔûêÔûêÔûêÔûêÔûêÔûêÔûêÔûêÔûêÔûê....... 233/265  
Processing media files : ÔûêÔûêÔûêÔûêÔûêÔûêÔûêÔûêÔûêÔûêÔûêÔûêÔûêÔûêÔûêÔûêÔûêÔûêÔûêÔûêÔûêÔûêÔûêÔûêÔûêÔûêÔûêÔûêÔûêÔûêÔûêÔûêÔûêÔûêÔûêÔûêÔûêÔûêÔûêÔûêÔûêÔûêÔûêÔûê...... 234/265  
Processing media files : ÔûêÔûêÔûêÔûêÔûêÔûêÔûêÔûêÔûêÔûêÔûêÔûêÔûêÔûêÔûêÔûêÔûêÔûêÔûêÔûêÔûêÔûêÔûêÔûêÔûêÔûêÔûêÔûêÔûêÔûêÔûêÔûêÔûêÔûêÔûêÔûêÔûêÔûêÔûêÔûêÔûêÔûêÔûêÔûê...... 235/265  
Processing media files : ÔûêÔûêÔûêÔûêÔûêÔûêÔûêÔûêÔûêÔûêÔûêÔûêÔûêÔûêÔûêÔûêÔûêÔûêÔûêÔûêÔûêÔûêÔûêÔûêÔûêÔûêÔûêÔûêÔûêÔûêÔûêÔûêÔûêÔûêÔûêÔûêÔûêÔûêÔûêÔûêÔûêÔûêÔûêÔûê...... 236/265  
Processing media files : ÔûêÔûêÔûêÔûêÔûêÔûêÔûêÔûêÔûêÔûêÔûêÔûêÔûêÔûêÔûêÔûêÔûêÔûêÔûêÔûêÔûêÔûêÔûêÔûêÔûêÔûêÔûêÔûêÔûêÔûêÔûêÔûêÔûêÔûêÔûêÔûêÔûêÔûêÔûêÔûêÔûêÔûêÔûêÔûê...... 237/265  
Processing media files : ÔûêÔûêÔûêÔûêÔûêÔûêÔûêÔûêÔûêÔûêÔûêÔûêÔûêÔûêÔûêÔûêÔûêÔûêÔûêÔûêÔûêÔûêÔûêÔûêÔûêÔûêÔûêÔûêÔûêÔûêÔûêÔûêÔûêÔûêÔûêÔûêÔûêÔûêÔûêÔûêÔûêÔûêÔûêÔûê...... 238/265  
Processing media files : ÔûêÔûêÔûêÔûêÔûêÔûêÔûêÔûêÔûêÔûêÔûêÔûêÔûêÔûêÔûêÔûêÔûêÔûêÔûêÔûêÔûêÔûêÔûêÔûêÔûêÔûêÔûêÔûêÔûêÔûêÔûêÔûêÔûêÔûêÔûêÔûêÔûêÔûêÔûêÔûêÔûêÔûêÔûêÔûêÔûê..... 239/265  
Processing media files : ÔûêÔûêÔûêÔûêÔûêÔûêÔûêÔûêÔûêÔûêÔûêÔûêÔûêÔûêÔûêÔûêÔûêÔûêÔûêÔûêÔûêÔûêÔûêÔûêÔûêÔûêÔûêÔûêÔûêÔûêÔûêÔûêÔûêÔûêÔûêÔûêÔûêÔûêÔûêÔûêÔûêÔûêÔûêÔûêÔûê..... 240/265  
Processing media files : ÔûêÔûêÔûêÔûêÔûêÔûêÔûêÔûêÔûêÔûêÔûêÔûêÔûêÔûêÔûêÔûêÔûêÔûêÔûêÔûêÔûêÔûêÔûêÔûêÔûêÔûêÔûêÔûêÔûêÔûêÔûêÔûêÔûêÔûêÔûêÔûêÔûêÔûêÔûêÔûêÔûêÔûêÔûêÔûêÔûê..... 241/265  
Processing media files : ÔûêÔûêÔûêÔûêÔûêÔûêÔûêÔûêÔûêÔûêÔûêÔûêÔûêÔûêÔûêÔûêÔûêÔûêÔûêÔûêÔûêÔûêÔûêÔûêÔûêÔûêÔûêÔûêÔûêÔûêÔûêÔûêÔûêÔûêÔûêÔûêÔûêÔûêÔûêÔûêÔûêÔûêÔûêÔûêÔûê..... 242/265  
Processing media files : ÔûêÔûêÔûêÔûêÔûêÔûêÔûêÔûêÔûêÔûêÔûêÔûêÔûêÔûêÔûêÔûêÔûêÔûêÔûêÔûêÔûêÔûêÔûêÔûêÔûêÔûêÔûêÔûêÔûêÔûêÔûêÔûêÔûêÔûêÔûêÔûêÔûêÔûêÔûêÔûêÔûêÔûêÔûêÔûêÔûê..... 243/265  
Processing media files : ÔûêÔûêÔûêÔûêÔûêÔûêÔûêÔûêÔûêÔûêÔûêÔûêÔûêÔûêÔûêÔûêÔûêÔûêÔûêÔûêÔûêÔûêÔûêÔûêÔûêÔûêÔûêÔûêÔûêÔûêÔûêÔûêÔûêÔûêÔûêÔûêÔûêÔûêÔûêÔûêÔûêÔûêÔûêÔûêÔûêÔûê.... 244/265  
Processing media files : ÔûêÔûêÔûêÔûêÔûêÔûêÔûêÔûêÔûêÔûêÔûêÔûêÔûêÔûêÔûêÔûêÔûêÔûêÔûêÔûêÔûêÔûêÔûêÔûêÔûêÔûêÔûêÔûêÔûêÔûêÔûêÔûêÔûêÔûêÔûêÔûêÔûêÔûêÔûêÔûêÔûêÔûêÔûêÔûêÔûêÔûê.... 245/265  
Processing media files : ÔûêÔûêÔûêÔûêÔûêÔûêÔûêÔûêÔûêÔûêÔûêÔûêÔûêÔûêÔûêÔûêÔûêÔûêÔûêÔûêÔûêÔûêÔûêÔûêÔûêÔûêÔûêÔûêÔûêÔûêÔûêÔûêÔûêÔûêÔûêÔûêÔûêÔûêÔûêÔûêÔûêÔûêÔûêÔûêÔûêÔûê.... 246/265  
Processing media files : ÔûêÔûêÔûêÔûêÔûêÔûêÔûêÔûêÔûêÔûêÔûêÔûêÔûêÔûêÔûêÔûêÔûêÔûêÔûêÔûêÔûêÔûêÔûêÔûêÔûêÔûêÔûêÔûêÔûêÔûêÔûêÔûêÔûêÔûêÔûêÔûêÔûêÔûêÔûêÔûêÔûêÔûêÔûêÔûêÔûêÔûê.... 247/265  
Processing media files : ÔûêÔûêÔûêÔûêÔûêÔûêÔûêÔûêÔûêÔûêÔûêÔûêÔûêÔûêÔûêÔûêÔûêÔûêÔûêÔûêÔûêÔûêÔûêÔûêÔûêÔûêÔûêÔûêÔûêÔûêÔûêÔûêÔûêÔûêÔûêÔûêÔûêÔûêÔûêÔûêÔûêÔûêÔûêÔûêÔûêÔûê.... 248/265  
Processing media files : ÔûêÔûêÔûêÔûêÔûêÔûêÔûêÔûêÔûêÔûêÔûêÔûêÔûêÔûêÔûêÔûêÔûêÔûêÔûêÔûêÔûêÔûêÔûêÔûêÔûêÔûêÔûêÔûêÔûêÔûêÔûêÔûêÔûêÔûêÔûêÔûêÔûêÔûêÔûêÔûêÔûêÔûêÔûêÔûêÔûêÔûê.... 249/265  
Processing media files : ÔûêÔûêÔûêÔûêÔûêÔûêÔûêÔûêÔûêÔûêÔûêÔûêÔûêÔûêÔûêÔûêÔûêÔûêÔûêÔûêÔûêÔûêÔûêÔûêÔûêÔûêÔûêÔûêÔûêÔûêÔûêÔûêÔûêÔûêÔûêÔûêÔûêÔûêÔûêÔûêÔûêÔûêÔûêÔûêÔûêÔûêÔûê... 250/265  
Processing media files : ÔûêÔûêÔûêÔûêÔûêÔûêÔûêÔûêÔûêÔûêÔûêÔûêÔûêÔûêÔûêÔûêÔûêÔûêÔûêÔûêÔûêÔûêÔûêÔûêÔûêÔûêÔûêÔûêÔûêÔûêÔûêÔûêÔûêÔûêÔûêÔûêÔûêÔûêÔûêÔûêÔûêÔûêÔûêÔûêÔûêÔûêÔûê... 251/265  
Processing media files : ÔûêÔûêÔûêÔûêÔûêÔûêÔûêÔûêÔûêÔûêÔûêÔûêÔûêÔûêÔûêÔûêÔûêÔûêÔûêÔûêÔûêÔûêÔûêÔûêÔûêÔûêÔûêÔûêÔûêÔûêÔûêÔûêÔûêÔûêÔûêÔûêÔûêÔûêÔûêÔûêÔûêÔûêÔûêÔûêÔûêÔûêÔûê... 252/265  
Processing media files : ÔûêÔûêÔûêÔûêÔûêÔûêÔûêÔûêÔûêÔûêÔûêÔûêÔûêÔûêÔûêÔûêÔûêÔûêÔûêÔûêÔûêÔûêÔûêÔûêÔûêÔûêÔûêÔûêÔûêÔûêÔûêÔûêÔûêÔûêÔûêÔûêÔûêÔûêÔûêÔûêÔûêÔûêÔûêÔûêÔûêÔûêÔûê... 253/265  
Processing media files : ÔûêÔûêÔûêÔûêÔûêÔûêÔûêÔûêÔûêÔûêÔûêÔûêÔûêÔûêÔûêÔûêÔûêÔûêÔûêÔûêÔûêÔûêÔûêÔûêÔûêÔûêÔûêÔûêÔûêÔûêÔûêÔûêÔûêÔûêÔûêÔûêÔûêÔûêÔûêÔûêÔûêÔûêÔûêÔûêÔûêÔûêÔûê... 254/265  
Processing media files : ÔûêÔûêÔûêÔûêÔûêÔûêÔûêÔûêÔûêÔûêÔûêÔûêÔûêÔûêÔûêÔûêÔûêÔûêÔûêÔûêÔûêÔûêÔûêÔûêÔûêÔûêÔûêÔûêÔûêÔûêÔûêÔûêÔûêÔûêÔûêÔûêÔûêÔûêÔûêÔûêÔûêÔûêÔûêÔûêÔûêÔûêÔûêÔûê.. 255/265  
Processing media files : ÔûêÔûêÔûêÔûêÔûêÔûêÔûêÔûêÔûêÔûêÔûêÔûêÔûêÔûêÔûêÔûêÔûêÔûêÔûêÔûêÔûêÔûêÔûêÔûêÔûêÔûêÔûêÔûêÔûêÔûêÔûêÔûêÔûêÔûêÔûêÔûêÔûêÔûêÔûêÔûêÔûêÔûêÔûêÔûêÔûêÔûêÔûêÔûê.. 256/265  
Processing media files : ÔûêÔûêÔûêÔûêÔûêÔûêÔûêÔûêÔûêÔûêÔûêÔûêÔûêÔûêÔûêÔûêÔûêÔûêÔûêÔûêÔûêÔûêÔûêÔûêÔûêÔûêÔûêÔûêÔûêÔûêÔûêÔûêÔûêÔûêÔûêÔûêÔûêÔûêÔûêÔûêÔûêÔûêÔûêÔûêÔûêÔûêÔûêÔûê.. 257/265  
Processing media files : ÔûêÔûêÔûêÔûêÔûêÔûêÔûêÔûêÔûêÔûêÔûêÔûêÔûêÔûêÔûêÔûêÔûêÔûêÔûêÔûêÔûêÔûêÔûêÔûêÔûêÔûêÔûêÔûêÔûêÔûêÔûêÔûêÔûêÔûêÔûêÔûêÔûêÔûêÔûêÔûêÔûêÔûêÔûêÔûêÔûêÔûêÔûêÔûê.. 258/265  
Processing media files : ÔûêÔûêÔûêÔûêÔûêÔûêÔûêÔûêÔûêÔûêÔûêÔûêÔûêÔûêÔûêÔûêÔûêÔûêÔûêÔûêÔûêÔûêÔûêÔûêÔûêÔûêÔûêÔûêÔûêÔûêÔûêÔûêÔûêÔûêÔûêÔûêÔûêÔûêÔûêÔûêÔûêÔûêÔûêÔûêÔûêÔûêÔûêÔûê.. 259/265  
Processing media files : ÔûêÔûêÔûêÔûêÔûêÔûêÔûêÔûêÔûêÔûêÔûêÔûêÔûêÔûêÔûêÔûêÔûêÔûêÔûêÔûêÔûêÔûêÔûêÔûêÔûêÔûêÔûêÔûêÔûêÔûêÔûêÔûêÔûêÔûêÔûêÔûêÔûêÔûêÔûêÔûêÔûêÔûêÔûêÔûêÔûêÔûêÔûêÔûêÔûê. 260/265  
Processing media files : ÔûêÔûêÔûêÔûêÔûêÔûêÔûêÔûêÔûêÔûêÔûêÔûêÔûêÔûêÔûêÔûêÔûêÔûêÔûêÔûêÔûêÔûêÔûêÔûêÔûêÔûêÔûêÔûêÔûêÔûêÔûêÔûêÔûêÔûêÔûêÔûêÔûêÔûêÔûêÔûêÔûêÔûêÔûêÔûêÔûêÔûêÔûêÔûêÔûê. 261/265  
Processing media files : ÔûêÔûêÔûêÔûêÔûêÔûêÔûêÔûêÔûêÔûêÔûêÔûêÔûêÔûêÔûêÔûêÔûêÔûêÔûêÔûêÔûêÔûêÔûêÔûêÔûêÔûêÔûêÔûêÔûêÔûêÔûêÔûêÔûêÔûêÔûêÔûêÔûêÔûêÔûêÔûêÔûêÔûêÔûêÔûêÔûêÔûêÔûêÔûêÔûê. 262/265  
Processing media files : ÔûêÔûêÔûêÔûêÔûêÔûêÔûêÔûêÔûêÔûêÔûêÔûêÔûêÔûêÔûêÔûêÔûêÔûêÔûêÔûêÔûêÔûêÔûêÔûêÔûêÔûêÔûêÔûêÔûêÔûêÔûêÔûêÔûêÔûêÔûêÔûêÔûêÔûêÔûêÔûêÔûêÔûêÔûêÔûêÔûêÔûêÔûêÔûêÔûê. 263/265  
Processing media files : ÔûêÔûêÔûêÔûêÔûêÔûêÔûêÔûêÔûêÔûêÔûêÔûêÔûêÔûêÔûêÔûêÔûêÔûêÔûêÔûêÔûêÔûêÔûêÔûêÔûêÔûêÔûêÔûêÔûêÔûêÔûêÔûêÔûêÔûêÔûêÔûêÔûêÔûêÔûêÔûêÔûêÔûêÔûêÔûêÔûêÔûêÔûêÔûêÔûê. 264/265  
Processing media files : ÔûêÔûêÔûêÔûêÔûêÔûêÔûêÔûêÔûêÔûêÔûêÔûêÔûêÔûêÔûêÔûêÔûêÔûêÔûêÔûêÔûêÔûêÔûêÔûêÔûêÔûêÔûêÔûêÔûêÔûêÔûêÔûêÔûêÔûêÔûêÔûêÔûêÔûêÔûêÔûêÔûêÔûêÔûêÔûêÔûêÔûêÔûêÔûêÔûêÔûê 265/265  
Date extraction completed:
  json: 265 files
Ô£à Extract Dates completed in 0s
   Extracted dates for 265 files
--- Step 5/8: Write EXIF Data ---
Ô£à Write EXIF Data completed in 0s
   EXIF writing skipped per configuration

--- Step 6/8: Find Albums ---

[Step 6/8] Finding albums (this may take a while)...
Ô£à Find Albums completed in 0s
   Found and merged 184 album relationships

--- Step 7/8: Move Files ---

Moving files : .................................................. 0/81  
Moving files : .................................................. 1/81  
Moving files : Ôûê................................................. 2/81  
Moving files : Ôûê................................................. 3/81  
Moving files : ÔûêÔûê................................................ 4/81  
Moving files : ÔûêÔûêÔûê............................................... 5/81  
Moving files : ÔûêÔûêÔûê............................................... 6/81  
Moving files : ÔûêÔûêÔûêÔûê.............................................. 7/81  
Moving files : ÔûêÔûêÔûêÔûê.............................................. 8/81  
Moving files : ÔûêÔûêÔûêÔûêÔûê............................................. 9/81  
Moving files : ÔûêÔûêÔûêÔûêÔûêÔûê............................................ 10/81  
Moving files : ÔûêÔûêÔûêÔûêÔûêÔûê............................................ 11/81  
Moving files : ÔûêÔûêÔûêÔûêÔûêÔûêÔûê........................................... 12/81  
Moving files : ÔûêÔûêÔûêÔûêÔûêÔûêÔûêÔûê.......................................... 13/81  
Moving files : ÔûêÔûêÔûêÔûêÔûêÔûêÔûêÔûê.......................................... 14/81  
Moving files : ÔûêÔûêÔûêÔûêÔûêÔûêÔûêÔûêÔûê......................................... 15/81  
Moving files : ÔûêÔûêÔûêÔûêÔûêÔûêÔûêÔûêÔûê......................................... 16/81  
Moving files : ÔûêÔûêÔûêÔûêÔûêÔûêÔûêÔûêÔûêÔûê........................................ 17/81  
Moving files : ÔûêÔûêÔûêÔûêÔûêÔûêÔûêÔûêÔûêÔûêÔûê....................................... 18/81  
Moving files : ÔûêÔûêÔûêÔûêÔûêÔûêÔûêÔûêÔûêÔûêÔûê....................................... 19/81  
Moving files : ÔûêÔûêÔûêÔûêÔûêÔûêÔûêÔûêÔûêÔûêÔûêÔûê...................................... 20/81  
Moving files : ÔûêÔûêÔûêÔûêÔûêÔûêÔûêÔûêÔûêÔûêÔûêÔûê...................................... 21/81  
Moving files : ÔûêÔûêÔûêÔûêÔûêÔûêÔûêÔûêÔûêÔûêÔûêÔûêÔûê..................................... 22/81  
Moving files : ÔûêÔûêÔûêÔûêÔûêÔûêÔûêÔûêÔûêÔûêÔûêÔûêÔûêÔûê.................................... 23/81  
Moving files : ÔûêÔûêÔûêÔûêÔûêÔûêÔûêÔûêÔûêÔûêÔûêÔûêÔûêÔûê.................................... 24/81  
Moving files : ÔûêÔûêÔûêÔûêÔûêÔûêÔûêÔûêÔûêÔûêÔûêÔûêÔûêÔûêÔûê................................... 25/81  
Moving files : ÔûêÔûêÔûêÔûêÔûêÔûêÔûêÔûêÔûêÔûêÔûêÔûêÔûêÔûêÔûêÔûê.................................. 26/81  
Moving files : ÔûêÔûêÔûêÔûêÔûêÔûêÔûêÔûêÔûêÔûêÔûêÔûêÔûêÔûêÔûêÔûê.................................. 27/81  
Moving files : ÔûêÔûêÔûêÔûêÔûêÔûêÔûêÔûêÔûêÔûêÔûêÔûêÔûêÔûêÔûêÔûêÔûê................................. 28/81  
Moving files : ÔûêÔûêÔûêÔûêÔûêÔûêÔûêÔûêÔûêÔûêÔûêÔûêÔûêÔûêÔûêÔûêÔûê................................. 29/81  
Moving files : ÔûêÔûêÔûêÔûêÔûêÔûêÔûêÔûêÔûêÔûêÔûêÔûêÔûêÔûêÔûêÔûêÔûêÔûê................................ 30/81  
Moving files : ÔûêÔûêÔûêÔûêÔûêÔûêÔûêÔûêÔûêÔûêÔûêÔûêÔûêÔûêÔûêÔûêÔûêÔûêÔûê............................... 31/81  
Moving files : ÔûêÔûêÔûêÔûêÔûêÔûêÔûêÔûêÔûêÔûêÔûêÔûêÔûêÔûêÔûêÔûêÔûêÔûêÔûê............................... 32/81  
Moving files : ÔûêÔûêÔûêÔûêÔûêÔûêÔûêÔûêÔûêÔûêÔûêÔûêÔûêÔûêÔûêÔûêÔûêÔûêÔûêÔûê.............................. 33/81  
Moving files : ÔûêÔûêÔûêÔûêÔûêÔûêÔûêÔûêÔûêÔûêÔûêÔûêÔûêÔûêÔûêÔûêÔûêÔûêÔûêÔûê.............................. 34/81  
Moving files : ÔûêÔûêÔûêÔûêÔûêÔûêÔûêÔûêÔûêÔûêÔûêÔûêÔûêÔûêÔûêÔûêÔûêÔûêÔûêÔûêÔûê............................. 35/81  
Moving files : ÔûêÔûêÔûêÔûêÔûêÔûêÔûêÔûêÔûêÔûêÔûêÔûêÔûêÔûêÔûêÔûêÔûêÔûêÔûêÔûêÔûêÔûê............................ 36/81  
Moving files : ÔûêÔûêÔûêÔûêÔûêÔûêÔûêÔûêÔûêÔûêÔûêÔûêÔûêÔûêÔûêÔûêÔûêÔûêÔûêÔûêÔûêÔûê............................ 37/81  
Moving files : ÔûêÔûêÔûêÔûêÔûêÔûêÔûêÔûêÔûêÔûêÔûêÔûêÔûêÔûêÔûêÔûêÔûêÔûêÔûêÔûêÔûêÔûêÔûê........................... 38/81  
Moving files : ÔûêÔûêÔûêÔûêÔûêÔûêÔûêÔûêÔûêÔûêÔûêÔûêÔûêÔûêÔûêÔûêÔûêÔûêÔûêÔûêÔûêÔûêÔûêÔûê.......................... 39/81  
Moving files : ÔûêÔûêÔûêÔûêÔûêÔûêÔûêÔûêÔûêÔûêÔûêÔûêÔûêÔûêÔûêÔûêÔûêÔûêÔûêÔûêÔûêÔûêÔûêÔûê.......................... 40/81  
Moving files : ÔûêÔûêÔûêÔûêÔûêÔûêÔûêÔûêÔûêÔûêÔûêÔûêÔûêÔûêÔûêÔûêÔûêÔûêÔûêÔûêÔûêÔûêÔûêÔûêÔûê......................... 41/81  
Moving files : ÔûêÔûêÔûêÔûêÔûêÔûêÔûêÔûêÔûêÔûêÔûêÔûêÔûêÔûêÔûêÔûêÔûêÔûêÔûêÔûêÔûêÔûêÔûêÔûêÔûê......................... 42/81  
Moving files : ÔûêÔûêÔûêÔûêÔûêÔûêÔûêÔûêÔûêÔûêÔûêÔûêÔûêÔûêÔûêÔûêÔûêÔûêÔûêÔûêÔûêÔûêÔûêÔûêÔûêÔûê........................ 43/81  
Moving files : ÔûêÔûêÔûêÔûêÔûêÔûêÔûêÔûêÔûêÔûêÔûêÔûêÔûêÔûêÔûêÔûêÔûêÔûêÔûêÔûêÔûêÔûêÔûêÔûêÔûêÔûêÔûê....................... 44/81  
Moving files : ÔûêÔûêÔûêÔûêÔûêÔûêÔûêÔûêÔûêÔûêÔûêÔûêÔûêÔûêÔûêÔûêÔûêÔûêÔûêÔûêÔûêÔûêÔûêÔûêÔûêÔûêÔûê....................... 45/81  
Moving files : ÔûêÔûêÔûêÔûêÔûêÔûêÔûêÔûêÔûêÔûêÔûêÔûêÔûêÔûêÔûêÔûêÔûêÔûêÔûêÔûêÔûêÔûêÔûêÔûêÔûêÔûêÔûêÔûê...................... 46/81  
Moving files : ÔûêÔûêÔûêÔûêÔûêÔûêÔûêÔûêÔûêÔûêÔûêÔûêÔûêÔûêÔûêÔûêÔûêÔûêÔûêÔûêÔûêÔûêÔûêÔûêÔûêÔûêÔûêÔûêÔûê..................... 47/81  
Moving files : ÔûêÔûêÔûêÔûêÔûêÔûêÔûêÔûêÔûêÔûêÔûêÔûêÔûêÔûêÔûêÔûêÔûêÔûêÔûêÔûêÔûêÔûêÔûêÔûêÔûêÔûêÔûêÔûêÔûê..................... 48/81  
Moving files : ÔûêÔûêÔûêÔûêÔûêÔûêÔûêÔûêÔûêÔûêÔûêÔûêÔûêÔûêÔûêÔûêÔûêÔûêÔûêÔûêÔûêÔûêÔûêÔûêÔûêÔûêÔûêÔûêÔûêÔûê.................... 49/81  
Moving files : ÔûêÔûêÔûêÔûêÔûêÔûêÔûêÔûêÔûêÔûêÔûêÔûêÔûêÔûêÔûêÔûêÔûêÔûêÔûêÔûêÔûêÔûêÔûêÔûêÔûêÔûêÔûêÔûêÔûêÔûê.................... 50/81  
Moving files : ÔûêÔûêÔûêÔûêÔûêÔûêÔûêÔûêÔûêÔûêÔûêÔûêÔûêÔûêÔûêÔûêÔûêÔûêÔûêÔûêÔûêÔûêÔûêÔûêÔûêÔûêÔûêÔûêÔûêÔûêÔûê................... 51/81  
Moving files : ÔûêÔûêÔûêÔûêÔûêÔûêÔûêÔûêÔûêÔûêÔûêÔûêÔûêÔûêÔûêÔûêÔûêÔûêÔûêÔûêÔûêÔûêÔûêÔûêÔûêÔûêÔûêÔûêÔûêÔûêÔûêÔûê.................. 52/81  
Moving files : ÔûêÔûêÔûêÔûêÔûêÔûêÔûêÔûêÔûêÔûêÔûêÔûêÔûêÔûêÔûêÔûêÔûêÔûêÔûêÔûêÔûêÔûêÔûêÔûêÔûêÔûêÔûêÔûêÔûêÔûêÔûêÔûê.................. 53/81  
Moving files : ÔûêÔûêÔûêÔûêÔûêÔûêÔûêÔûêÔûêÔûêÔûêÔûêÔûêÔûêÔûêÔûêÔûêÔûêÔûêÔûêÔûêÔûêÔûêÔûêÔûêÔûêÔûêÔûêÔûêÔûêÔûêÔûêÔûê................. 54/81  
Moving files : ÔûêÔûêÔûêÔûêÔûêÔûêÔûêÔûêÔûêÔûêÔûêÔûêÔûêÔûêÔûêÔûêÔûêÔûêÔûêÔûêÔûêÔûêÔûêÔûêÔûêÔûêÔûêÔûêÔûêÔûêÔûêÔûêÔûê................. 55/81  
Moving files : ÔûêÔûêÔûêÔûêÔûêÔûêÔûêÔûêÔûêÔûêÔûêÔûêÔûêÔûêÔûêÔûêÔûêÔûêÔûêÔûêÔûêÔûêÔûêÔûêÔûêÔûêÔûêÔûêÔûêÔûêÔûêÔûêÔûêÔûê................ 56/81  
Moving files : ÔûêÔûêÔûêÔûêÔûêÔûêÔûêÔûêÔûêÔûêÔûêÔûêÔûêÔûêÔûêÔûêÔûêÔûêÔûêÔûêÔûêÔûêÔûêÔûêÔûêÔûêÔûêÔûêÔûêÔûêÔûêÔûêÔûêÔûêÔûê............... 57/81  
Moving files : ÔûêÔûêÔûêÔûêÔûêÔûêÔûêÔûêÔûêÔûêÔûêÔûêÔûêÔûêÔûêÔûêÔûêÔûêÔûêÔûêÔûêÔûêÔûêÔûêÔûêÔûêÔûêÔûêÔûêÔûêÔûêÔûêÔûêÔûêÔûê............... 58/81  
Moving files : ÔûêÔûêÔûêÔûêÔûêÔûêÔûêÔûêÔûêÔûêÔûêÔûêÔûêÔûêÔûêÔûêÔûêÔûêÔûêÔûêÔûêÔûêÔûêÔûêÔûêÔûêÔûêÔûêÔûêÔûêÔûêÔûêÔûêÔûêÔûêÔûê.............. 59/81  
Moving files : ÔûêÔûêÔûêÔûêÔûêÔûêÔûêÔûêÔûêÔûêÔûêÔûêÔûêÔûêÔûêÔûêÔûêÔûêÔûêÔûêÔûêÔûêÔûêÔûêÔûêÔûêÔûêÔûêÔûêÔûêÔûêÔûêÔûêÔûêÔûêÔûêÔûê............. 60/81  
Moving files : ÔûêÔûêÔûêÔûêÔûêÔûêÔûêÔûêÔûêÔûêÔûêÔûêÔûêÔûêÔûêÔûêÔûêÔûêÔûêÔûêÔûêÔûêÔûêÔûêÔûêÔûêÔûêÔûêÔûêÔûêÔûêÔûêÔûêÔûêÔûêÔûêÔûê............. 61/81  
Moving files : ÔûêÔûêÔûêÔûêÔûêÔûêÔûêÔûêÔûêÔûêÔûêÔûêÔûêÔûêÔûêÔûêÔûêÔûêÔûêÔûêÔûêÔûêÔûêÔûêÔûêÔûêÔûêÔûêÔûêÔûêÔûêÔûêÔûêÔûêÔûêÔûêÔûêÔûê............ 62/81  
Moving files : ÔûêÔûêÔûêÔûêÔûêÔûêÔûêÔûêÔûêÔûêÔûêÔûêÔûêÔûêÔûêÔûêÔûêÔûêÔûêÔûêÔûêÔûêÔûêÔûêÔûêÔûêÔûêÔûêÔûêÔûêÔûêÔûêÔûêÔûêÔûêÔûêÔûêÔûê............ 63/81  
Moving files : ÔûêÔûêÔûêÔûêÔûêÔûêÔûêÔûêÔûêÔûêÔûêÔûêÔûêÔûêÔûêÔûêÔûêÔûêÔûêÔûêÔûêÔûêÔûêÔûêÔûêÔûêÔûêÔûêÔûêÔûêÔûêÔûêÔûêÔûêÔûêÔûêÔûêÔûêÔûê........... 64/81  
Moving files : ÔûêÔûêÔûêÔûêÔûêÔûêÔûêÔûêÔûêÔûêÔûêÔûêÔûêÔûêÔûêÔûêÔûêÔûêÔûêÔûêÔûêÔûêÔûêÔûêÔûêÔûêÔûêÔûêÔûêÔûêÔûêÔûêÔûêÔûêÔûêÔûêÔûêÔûêÔûêÔûê.......... 65/81  
Moving files : ÔûêÔûêÔûêÔûêÔûêÔûêÔûêÔûêÔûêÔûêÔûêÔûêÔûêÔûêÔûêÔûêÔûêÔûêÔûêÔûêÔûêÔûêÔûêÔûêÔûêÔûêÔûêÔûêÔûêÔûêÔûêÔûêÔûêÔûêÔûêÔûêÔûêÔûêÔûêÔûê.......... 66/81  
Moving files : ÔûêÔûêÔûêÔûêÔûêÔûêÔûêÔûêÔûêÔûêÔûêÔûêÔûêÔûêÔûêÔûêÔûêÔûêÔûêÔûêÔûêÔûêÔûêÔûêÔûêÔûêÔûêÔûêÔûêÔûêÔûêÔûêÔûêÔûêÔûêÔûêÔûêÔûêÔûêÔûêÔûê......... 67/81  
Moving files : ÔûêÔûêÔûêÔûêÔûêÔûêÔûêÔûêÔûêÔûêÔûêÔûêÔûêÔûêÔûêÔûêÔûêÔûêÔûêÔûêÔûêÔûêÔûêÔûêÔûêÔûêÔûêÔûêÔûêÔûêÔûêÔûêÔûêÔûêÔûêÔûêÔûêÔûêÔûêÔûêÔûê......... 68/81  
Moving files : ÔûêÔûêÔûêÔûêÔûêÔûêÔûêÔûêÔûêÔûêÔûêÔûêÔûêÔûêÔûêÔûêÔûêÔûêÔûêÔûêÔûêÔûêÔûêÔûêÔûêÔûêÔûêÔûêÔûêÔûêÔûêÔûêÔûêÔûêÔûêÔûêÔûêÔûêÔûêÔûêÔûêÔûê........ 69/81  
Moving files : ÔûêÔûêÔûêÔûêÔûêÔûêÔûêÔûêÔûêÔûêÔûêÔûêÔûêÔûêÔûêÔûêÔûêÔûêÔûêÔûêÔûêÔûêÔûêÔûêÔûêÔûêÔûêÔûêÔûêÔûêÔûêÔûêÔûêÔûêÔûêÔûêÔûêÔûêÔûêÔûêÔûêÔûêÔûê....... 70/81  
Moving files : ÔûêÔûêÔûêÔûêÔûêÔûêÔûêÔûêÔûêÔûêÔûêÔûêÔûêÔûêÔûêÔûêÔûêÔûêÔûêÔûêÔûêÔûêÔûêÔûêÔûêÔûêÔûêÔûêÔûêÔûêÔûêÔûêÔûêÔûêÔûêÔûêÔûêÔûêÔûêÔûêÔûêÔûêÔûê....... 71/81  
Moving files : ÔûêÔûêÔûêÔûêÔûêÔûêÔûêÔûêÔûêÔûêÔûêÔûêÔûêÔûêÔûêÔûêÔûêÔûêÔûêÔûêÔûêÔûêÔûêÔûêÔûêÔûêÔûêÔûêÔûêÔûêÔûêÔûêÔûêÔûêÔûêÔûêÔûêÔûêÔûêÔûêÔûêÔûêÔûêÔûê...... 72/81  
Moving files : ÔûêÔûêÔûêÔûêÔûêÔûêÔûêÔûêÔûêÔûêÔûêÔûêÔûêÔûêÔûêÔûêÔûêÔûêÔûêÔûêÔûêÔûêÔûêÔûêÔûêÔûêÔûêÔûêÔûêÔûêÔûêÔûêÔûêÔûêÔûêÔûêÔûêÔûêÔûêÔûêÔûêÔûêÔûêÔûêÔûê..... 73/81  
Moving files : ÔûêÔûêÔûêÔûêÔûêÔûêÔûêÔûêÔûêÔûêÔûêÔûêÔûêÔûêÔûêÔûêÔûêÔûêÔûêÔûêÔûêÔûêÔûêÔûêÔûêÔûêÔûêÔûêÔûêÔûêÔûêÔûêÔûêÔûêÔûêÔûêÔûêÔûêÔûêÔûêÔûêÔûêÔûêÔûêÔûê..... 74/81  
Moving files : ÔûêÔûêÔûêÔûêÔûêÔûêÔûêÔûêÔûêÔûêÔûêÔûêÔûêÔûêÔûêÔûêÔûêÔûêÔûêÔûêÔûêÔûêÔûêÔûêÔûêÔûêÔûêÔûêÔûêÔûêÔûêÔûêÔûêÔûêÔûêÔûêÔûêÔûêÔûêÔûêÔûêÔûêÔûêÔûêÔûêÔûê.... 75/81  
Moving files : ÔûêÔûêÔûêÔûêÔûêÔûêÔûêÔûêÔûêÔûêÔûêÔûêÔûêÔûêÔûêÔûêÔûêÔûêÔûêÔûêÔûêÔûêÔûêÔûêÔûêÔûêÔûêÔûêÔûêÔûêÔûêÔûêÔûêÔûêÔûêÔûêÔûêÔûêÔûêÔûêÔûêÔûêÔûêÔûêÔûêÔûê.... 76/81  
Moving files : ÔûêÔûêÔûêÔûêÔûêÔûêÔûêÔûêÔûêÔûêÔûêÔûêÔûêÔûêÔûêÔûêÔûêÔûêÔûêÔûêÔûêÔûêÔûêÔûêÔûêÔûêÔûêÔûêÔûêÔûêÔûêÔûêÔûêÔûêÔûêÔûêÔûêÔûêÔûêÔûêÔûêÔûêÔûêÔûêÔûêÔûêÔûê... 77/81  
Moving files : ÔûêÔûêÔûêÔûêÔûêÔûêÔûêÔûêÔûêÔûêÔûêÔûêÔûêÔûêÔûêÔûêÔûêÔûêÔûêÔûêÔûêÔûêÔûêÔûêÔûêÔûêÔûêÔûêÔûêÔûêÔûêÔûêÔûêÔûêÔûêÔûêÔûêÔûêÔûêÔûêÔûêÔûêÔûêÔûêÔûêÔûêÔûêÔûê.. 78/81  
Moving files : ÔûêÔûêÔûêÔûêÔûêÔûêÔûêÔûêÔûêÔûêÔûêÔûêÔûêÔûêÔûêÔûêÔûêÔûêÔûêÔûêÔûêÔûêÔûêÔûêÔûêÔûêÔûêÔûêÔûêÔûêÔûêÔûêÔûêÔûêÔûêÔûêÔûêÔûêÔûêÔûêÔûêÔûêÔûêÔûêÔûêÔûêÔûêÔûê.. 79/81  
Moving files : ÔûêÔûêÔûêÔûêÔûêÔûêÔûêÔûêÔûêÔûêÔûêÔûêÔûêÔûêÔûêÔûêÔûêÔûêÔûêÔûêÔûêÔûêÔûêÔûêÔûêÔûêÔûêÔûêÔûêÔûêÔûêÔûêÔûêÔûêÔûêÔûêÔûêÔûêÔûêÔûêÔûêÔûêÔûêÔûêÔûêÔûêÔûêÔûêÔûê. 80/81  
Moving files : ÔûêÔûêÔûêÔûêÔûêÔûêÔûêÔûêÔûêÔûêÔûêÔûêÔûêÔûêÔûêÔûêÔûêÔûêÔûêÔûêÔûêÔûêÔûêÔûêÔûêÔûêÔûêÔûêÔûêÔûêÔûêÔûêÔûêÔûêÔûêÔûêÔûêÔûêÔûêÔûêÔûêÔûêÔûêÔûêÔûêÔûêÔûêÔûêÔûêÔûê 81/81  Ô£à Move Files completed in 0s
   Moved 81 files to output directory
--- Step 8/8: Update Creation Time ---
[DEBUG] Total entities: 281
[DEBUG] Files: 271, Directories: 10
[DEBUG] ALL_PHOTOS has 81 items
[DEBUG] Album directories: 9
[DEBUG] Cooking & Food ­ƒìò: 23 items
[DEBUG]   - 2021_06_16_10_35_55.jpg (file)
[DEBUG]   - 2025_02_12_02_31_23.jpg (file)
[DEBUG]   - IMG_20210101_000000.jpg (file)
[DEBUG] Family Photos ­ƒæ¿ÔÇì­ƒæ®ÔÇì­ƒæºÔÇì­ƒæª: 25 items
[DEBUG]   - 2021_02_12_02_31_23.jpg (file)
[DEBUG]   - 2022_06_16_10_35_55.jpg (file)
[DEBUG]   - 2023_02_12_02_31_23.jpg (file)
[DEBUG] Holiday Memories ­ƒÄä: 24 items
[DEBUG]   - 2022_02_12_02_31_23.jpg (file)
[DEBUG]   - 2023_06_16_10_35_55.jpg (file)
[DEBUG]   - album_only_Holiday Memories _20250311_2.jpg (file)
[DEBUG] Found 0 symlinks
00:01 +0 -1: E2E Tests - GitHub Issues & README Features Cross-Platform Compatibility creates platform-appropriate symlinks [E]
  Expected: a value greater than <0>
    Actual: <0>
     Which: is not a value greater than <0>
  Should create symlinks on all platforms
  
  package:matcher                              expect
  test\e2e\e2e_github_issues_test.dart 1240:9  main.<fn>.<fn>.<fn>
  
00:01 +0 -1: E2E Tests - GitHub Issues & README Features (tearDownAll)
ExifTool process exited with code 0
00:08 +0 -1: Some tests failed.

Consider enabling the flag chain-stack-traces to receive more detailed exceptions.
For example, 'dart test --chain-stack-traces'.
